<html>
<body>
<pre>
<h1>µVision Build Log</h1>
<h2>Tool Versions:</h2>
IDE-Version: µVision V5.31.0.0
Copyright (C) 2020 ARM Ltd and ARM Germany GmbH. All rights reserved.
License Information: samin samin, samin, LIC=03C6R-KCWVL-III5V-PZWI6-MK3DN-YYBA8
 
Tool Versions:
Toolchain:       MDK-ARM Plus  Version: 5.31.0.0
Toolchain Path:  E:\keil\ARM\ARMCLANG\Bin
C Compiler:      ArmClang.exe V6.14
Assembler:       Armasm.exe V6.14
Linker/Locator:  ArmLink.exe V6.14
Library Manager: ArmAr.exe V6.14
Hex Converter:   FromElf.exe V6.14
CPU DLL:         SARMCM3.DLL V5.31.0.0
Dialog DLL:      DCM.DLL V1.17.3.0
Target DLL:      UL2CM3.DLL V1.163.4.0
Dialog DLL:      TCM.DLL V1.46.0.0
 
<h2>Project:</h2>
E:\arduino\keil_assembly_projects\01\first.uvprojx
Project File Date:  12/21/2021

<h2>Output:</h2>
*** Using Compiler 'V6.14', folder: 'E:\keil\ARM\ARMCLANG\Bin'
Build target 'Target 1'
"test.s", line 148: Warning: A1313W: Missing END directive at end of file
  148 0000012c 
0 Errors, 1 Warning
assembling test.s...
linking...
.\Objects\first.sct(8): warning: L6314W: No section matches pattern *(InRoot$$Sections).
Program Size: Code=524 RO-data=192 RW-data=0 ZI-data=1024  
Finished: 0 information, 1 warning and 0 error messages.
FromELF: creating hex file...
".\Objects\first.axf" - 0 Error(s), 1 Warning(s).

<h2>Software Packages used:</h2>

Package Vendor: ARM
                http://www.keil.com/pack/ARM.CMSIS.5.7.0.pack
                ARM.CMSIS.5.7.0
                CMSIS (Cortex Microcontroller Software Interface Standard)
   * Component: CORE Version: 5.4.0

Package Vendor: Microchip
                http://packs.download.atmel.com/Atmel.SAM3N_DFP.1.0.62.pack
                Atmel.SAM3N_DFP.1.0.62
                Atmel SAM3N Series Device Support
   * Component: Startup Version: 1.0.0

<h2>Collection of Component include folders:</h2>
  .\RTE\_Target_1
  C:\Users\User\AppData\Local\Arm\Packs\ARM\CMSIS\5.7.0\CMSIS\Core\Include
  C:\Users\User\AppData\Local\Arm\Packs\Atmel\SAM3N_DFP\1.0.62\include

<h2>Collection of Component Files used:</h2>

   * Component: ARM::CMSIS:CORE:5.4.0

   * Component: Microchip::Device:Startup:1.0.0
      Source file:   templates\main.c
      Source file:   armcc\Device\SAM3N\Source\ARM\startup_SAM3N.s
      Include file:  include\sam.h
      Source file:   templates\main.cpp
      Source file:   armcc\Device\SAM3N\Source\system_SAM3N.c
Build Time Elapsed:  00:00:00
</pre>
</body>
</html>
